[themes.muffingroup.com/be/steak2/index.html]
[www.google-analytics.com/analytics.js]
[backblue.gif]
[fade.gif]
[index.html]
[themes.muffingroup.com/be/steak2/wp-content/themes/betheme/images/favicon.ico]
[themes.muffingroup.com/be/steak2/wp-content/cache/minify/067aa.css]
[themes.muffingroup.com/be/steak2/feed/index.html]
[themes.muffingroup.com/be/steak2/comments/feed/index.html]
[themes.muffingroup.com/be/steak2/wp-content/cache/minify/2caf7.css]
[themes.muffingroup.com/be/steak2/wp-content/uploads/2019/10/steak2-subheader1.jpg]
[themes.muffingroup.com/be/steak2/wp-content/cache/minify/de1da.css]
[themes.muffingroup.com/be/steak2/wp-content/cache/minify/60da6.js]
[themes.muffingroup.com/be/steak2/home/feed/index.html]
[themes.muffingroup.com/be/steak2/wp-json/wp/v2/pages/2.json]
[themes.muffingroup.com/be/steak2/xmlrpc0db0.php]
[themes.muffingroup.com/be/steak2/wp-json/index.html]
[themes.muffingroup.com/be/steak2/wp-includes/wlwmanifest.xml]
[themes.muffingroup.com/be/steak2/wp-json/oembed/1.0/embed7dd6.json]
[themes.muffingroup.com/be/steak2/wp-json/oembed/1.0/embed1361]
[themes.muffingroup.com/be/steak2/wp-content/uploads/2019/10/steak2.png]
[themes.muffingroup.com/be/steak2/wp-content/uploads/2019/10/steak2-slider-bg.jpg]
[themes.muffingroup.com/be/steak2/about-us/index.html]
[themes.muffingroup.com/be/steak2/our-menu/index.html]
[themes.muffingroup.com/be/steak2/wp-content/uploads/2019/10/steak2-slider-pic2.png]
[themes.muffingroup.com/be/steak2/contact/index.html]
[themes.muffingroup.com/be/steak2/gallery/index.html]
[themes.muffingroup.com/be/steak2/wp-content/uploads/2019/10/steak2-slider-pic1.png]
[themes.muffingroup.com/be/steak2/wp-content/uploads/2019/10/steak2-slider-pic3.png]
[themes.muffingroup.com/be/steak2/wp-content/uploads/2019/10/steak2-sep1.png]
[themes.muffingroup.com/be/steak2/wp-content/uploads/2019/10/steak2-about-pic1.png]
[themes.muffingroup.com/be/steak2/wp-content/uploads/2019/10/steak2-home-icon1.png]
[themes.muffingroup.com/be/steak2/wp-content/uploads/2019/10/steak2-home-icon2.png]
[themes.muffingroup.com/be/steak2/wp-content/uploads/2019/10/steak2-home-icon3.png]
[themes.muffingroup.com/be/steak2/wp-content/uploads/2019/10/steak2-home-icon4.png]
[themes.muffingroup.com/be/steak2/wp-content/uploads/2019/10/steak2-home-pic1.png]
[themes.muffingroup.com/be/steak2/wp-content/uploads/2019/10/steak2-sectionbg3.png]
[themes.muffingroup.com/be/steak2/wp-content/uploads/2019/10/steak2-menu-pic1.jpg]
[themes.muffingroup.com/be/steak2/wp-content/uploads/2019/10/steak2-menu-pic2.jpg]
[themes.muffingroup.com/be/steak2/wp-content/uploads/2019/10/steak2-menu-pic3.jpg]
[themes.muffingroup.com/be/steak2/wp-content/uploads/2019/10/steak2-sectionbg2.png]
[themes.muffingroup.com/be/steak2/wp-content/uploads/2019/10/steak2-testimonials-pic1.jpg]
[themes.muffingroup.com/be/steak2/wp-content/uploads/2019/10/steak2-logo.png]
[themes.muffingroup.com/be/steak2/wp-content/cache/minify/601a3.js]
[themes.muffingroup.com/be/steak2/wp-content/cache/minify/bfda3.js]
[themes.muffingroup.com/be/steak2/index.html]
[themes.muffingroup.com/be/steak2/wp-content/cache/minify/4137d.js]
[themes.muffingroup.com/be/steak2/wp-content/plugins/revslider/public/assets/fonts/revicons/revicons90c6.eot]
[themes.muffingroup.com/be/steak2/wp-content/plugins/revslider/public/assets/fonts/revicons/revicons90c6.woff]
[themes.muffingroup.com/be/steak2/wp-content/plugins/revslider/public/assets/fonts/revicons/revicons90c6.ttf]
[themes.muffingroup.com/be/steak2/wp-content/plugins/revslider/public/assets/fonts/revicons/revicons90c6.svg]
[themes.muffingroup.com/be/steak2/wp-content/plugins/revslider/public/assets/assets/gridtile.png]
[themes.muffingroup.com/be/steak2/wp-content/plugins/revslider/public/assets/assets/gridtile_white.png]
[themes.muffingroup.com/be/steak2/wp-content/plugins/revslider/public/assets/assets/gridtile_3x3.png]
[themes.muffingroup.com/be/steak2/wp-content/plugins/revslider/public/assets/assets/gridtile_3x3_white.png]
[themes.muffingroup.com/be/steak2/wp-content/plugins/revslider/public/assets/assets/coloredbg.png]
[themes.muffingroup.com/be/steak2/wp-content/plugins/revslider/public/assets/assets/loader.gif]
[themes.muffingroup.com/be/steak2/wp-content/cache/minify/067aa.css]
[themes.muffingroup.com/be/steak2/wp-content/themes/betheme/fonts/mfn/icons4cdc.eot]
[themes.muffingroup.com/be/steak2/wp-content/themes/betheme/fonts/mfn/icons4cdc.woff]
[themes.muffingroup.com/be/steak2/wp-content/themes/betheme/fonts/mfn/icons4cdc.ttf]
[themes.muffingroup.com/be/steak2/wp-content/themes/betheme/fonts/mfn/icons4cdc.svg]
[themes.muffingroup.com/be/steak2/wp-content/themes/betheme/images/stripes/stripes_5_b.png]
[themes.muffingroup.com/be/steak2/wp-content/themes/betheme/images/stripes/stripes_3_b.png]
[themes.muffingroup.com/be/steak2/wp-content/themes/betheme/images/preloader.gif]
[themes.muffingroup.com/be/steak2/wp-content/themes/betheme/images/box_shadow.png]
[themes.muffingroup.com/be/steak2/wp-content/themes/betheme/images/blog_masonry_tile_gradient.png]
[themes.muffingroup.com/be/steak2/wp-content/themes/betheme/images/timeline_right.png]
[themes.muffingroup.com/be/steak2/wp-content/themes/betheme/images/recent_comments.png]
[themes.muffingroup.com/be/steak2/wp-content/themes/betheme/images/stripes/stripes_10_w.png]
[themes.muffingroup.com/be/steak2/wp-content/themes/betheme/images/videomask.png]
[themes.muffingroup.com/be/steak2/wp-content/themes/betheme/images/stripes/textline_dark.png]
[themes.muffingroup.com/be/steak2/wp-content/themes/betheme/images/fancy_heading_hr_dark.png]
[themes.muffingroup.com/be/steak2/wp-content/themes/betheme/images/stripes/textline.png]
[themes.muffingroup.com/be/steak2/wp-content/themes/betheme/images/stripes/stripes_10_b.png]
[themes.muffingroup.com/be/steak2/wp-content/themes/betheme/images/timeline_top.png]
[themes.muffingroup.com/be/steak2/wp-content/themes/betheme/images/timeline_left.png]
[themes.muffingroup.com/be/steak2/wp-content/themes/betheme/images/fancy_heading_hr.png]
[themes.muffingroup.com/be/steak2/wp-content/themes/betheme/images/bg_panel.png]
[themes.muffingroup.com/be/steak2/wp-content/themes/betheme/fonts/fontawesome/fa-brands-400.eot]
[themes.muffingroup.com/be/steak2/wp-content/themes/betheme/fonts/fontawesome/fa-brands-400d41d.eot]
[themes.muffingroup.com/be/steak2/wp-content/themes/betheme/fonts/fontawesome/fa-brands-400.woff2]
[themes.muffingroup.com/be/steak2/wp-content/themes/betheme/fonts/fontawesome/fa-brands-400.woff]
[themes.muffingroup.com/be/steak2/wp-content/themes/betheme/fonts/fontawesome/fa-brands-400.ttf]
[themes.muffingroup.com/be/steak2/wp-content/themes/betheme/fonts/fontawesome/fa-brands-400.svg]
[themes.muffingroup.com/be/steak2/wp-content/themes/betheme/fonts/fontawesome/fa-regular-400.eot]
[themes.muffingroup.com/be/steak2/wp-content/themes/betheme/fonts/fontawesome/fa-regular-400d41d.eot]
[themes.muffingroup.com/be/steak2/wp-content/themes/betheme/fonts/fontawesome/fa-regular-400.woff2]
[themes.muffingroup.com/be/steak2/wp-content/themes/betheme/fonts/fontawesome/fa-regular-400.woff]
[themes.muffingroup.com/be/steak2/wp-content/themes/betheme/fonts/fontawesome/fa-regular-400.ttf]
[themes.muffingroup.com/be/steak2/wp-content/themes/betheme/fonts/fontawesome/fa-regular-400.svg]
[themes.muffingroup.com/be/steak2/wp-content/themes/betheme/fonts/fontawesome/fa-solid-900.eot]
[themes.muffingroup.com/be/steak2/wp-content/themes/betheme/fonts/fontawesome/fa-solid-900.woff2]
[themes.muffingroup.com/be/steak2/wp-content/themes/betheme/fonts/fontawesome/fa-solid-900d41d.eot]
[themes.muffingroup.com/be/steak2/wp-content/themes/betheme/fonts/fontawesome/fa-solid-900.woff]
[themes.muffingroup.com/be/steak2/wp-content/themes/betheme/fonts/fontawesome/fa-solid-900.ttf]
[themes.muffingroup.com/be/steak2/wp-content/themes/betheme/assets/jplayer/css/jplayer.png]
[themes.muffingroup.com/be/steak2/wp-content/themes/betheme/fonts/fontawesome/fa-solid-900.svg]
[themes.muffingroup.com/be/steak2/wp-content/themes/betheme/assets/jplayer/css/jplayer.blue.monday.jpg]
[themes.muffingroup.com/be/steak2/wp-content/themes/betheme/assets/jplayer/css/jplayer.blue.monday.seeking.gif]
[themes.muffingroup.com/be/steak2/wp-content/cache/minify/2caf7.css]
[muffingroup.com/themeforest_images/betheme/demo/assets/header.png]
[themes.muffingroup.com/be/steak2/wp-content/cache/minify/de1da.css]
[themes.muffingroup.com/be/steak2/Version/index.html]
[themes.muffingroup.com/be/steak2/CustomEase.min.js]
[themes.muffingroup.com/be/TweenLite.min.js]
[themes.muffingroup.com/be/steak2/wp-content/cache/minify/60da6.js]
[player.vimeo.com/api/player.js]
[themes.muffingroup.com/be/steak2/wp-json/wp/v2/pages/10.json]
[themes.muffingroup.com/be/steak2/wp-json/oembed/1.0/embeda185.json]
[themes.muffingroup.com/be/steak2/wp-json/oembed/1.0/embedac68]
[themes.muffingroup.com/be/steak2/wp-content/uploads/2019/10/steak2-sectionbg5.png]
[themes.muffingroup.com/be/steak2/wp-content/uploads/2019/10/steak2-about-pic2.png]
[themes.muffingroup.com/be/steak2/wp-content/uploads/2019/10/steak2-about-pic3.jpg]
[themes.muffingroup.com/be/steak2/about-us/index.html]
[themes.muffingroup.com/be/steak2/wp-content/uploads/2019/10/steak2-subheader2.jpg]
[themes.muffingroup.com/be/steak2/wp-json/wp/v2/pages/16.json]
[themes.muffingroup.com/be/steak2/wp-json/oembed/1.0/embedda22.json]
[themes.muffingroup.com/be/steak2/wp-json/oembed/1.0/embede71a]
[themes.muffingroup.com/be/steak2/wp-content/uploads/2019/10/steak2-menu-pic4.jpg]
[themes.muffingroup.com/be/steak2/wp-content/uploads/2019/10/steak2-menu-pic5.jpg]
[themes.muffingroup.com/be/steak2/wp-content/uploads/2019/10/steak2-menu-pic6.jpg]
[themes.muffingroup.com/be/steak2/wp-content/uploads/2019/10/steak2-menu-pic7.jpg]
[themes.muffingroup.com/be/steak2/wp-content/uploads/2019/10/steak2-menu-pic8.jpg]
[themes.muffingroup.com/be/steak2/wp-content/uploads/2019/10/steak2-menu-pic9.jpg]
[themes.muffingroup.com/be/steak2/wp-content/uploads/2019/10/steak2-menu-pic10.jpg]
[themes.muffingroup.com/be/steak2/wp-content/uploads/2019/10/steak2-menu-pic11.jpg]
[themes.muffingroup.com/be/steak2/our-menu/index.html]
[themes.muffingroup.com/be/steak2/wp-content/uploads/2019/10/steak2-subheader3.jpg]
[themes.muffingroup.com/be/steak2/wp-json/wp/v2/pages/14.json]
[themes.muffingroup.com/be/steak2/wp-json/oembed/1.0/embed8500.json]
[themes.muffingroup.com/be/steak2/wp-json/oembed/1.0/embed667d]
[themes.muffingroup.com/be/steak2/wp-content/uploads/2019/10/steak2-gallery-pic1.jpg]
[themes.muffingroup.com/be/steak2/wp-content/uploads/2019/10/steak2-gallery-pic1-500x500.jpg]
[themes.muffingroup.com/be/steak2/wp-content/uploads/2019/10/steak2-gallery-pic2.jpg]
[themes.muffingroup.com/be/steak2/wp-content/uploads/2019/10/steak2-gallery-pic2-500x500.jpg]
[themes.muffingroup.com/be/steak2/wp-content/uploads/2019/10/steak2-gallery-pic3.jpg]
[themes.muffingroup.com/be/steak2/wp-content/uploads/2019/10/steak2-gallery-pic3-500x500.jpg]
[themes.muffingroup.com/be/steak2/wp-content/uploads/2019/10/steak2-gallery-pic4.jpg]
[themes.muffingroup.com/be/steak2/wp-content/uploads/2019/10/steak2-gallery-pic4-500x500.jpg]
[themes.muffingroup.com/be/steak2/wp-content/uploads/2019/10/steak2-gallery-pic5.jpg]
[themes.muffingroup.com/be/steak2/wp-content/uploads/2019/10/steak2-gallery-pic5-500x500.jpg]
[themes.muffingroup.com/be/steak2/wp-content/uploads/2019/10/steak2-gallery-pic6.jpg]
[themes.muffingroup.com/be/steak2/wp-content/uploads/2019/10/steak2-gallery-pic6-500x500.jpg]
[themes.muffingroup.com/be/steak2/wp-content/uploads/2019/10/steak2-gallery-pic7.jpg]
[themes.muffingroup.com/be/steak2/wp-content/uploads/2019/10/steak2-gallery-pic7-500x500.jpg]
[themes.muffingroup.com/be/steak2/wp-content/uploads/2019/10/steak2-gallery-pic8.jpg]
[themes.muffingroup.com/be/steak2/wp-content/uploads/2019/10/steak2-gallery-pic8-500x500.jpg]
[themes.muffingroup.com/be/steak2/wp-content/uploads/2019/10/steak2-gallery-pic9.jpg]
[themes.muffingroup.com/be/steak2/wp-content/uploads/2019/10/steak2-gallery-pic9-500x500.jpg]
[themes.muffingroup.com/be/steak2/wp-content/uploads/2019/10/steak2-gallery-pic10.jpg]
[themes.muffingroup.com/be/steak2/wp-content/uploads/2019/10/steak2-gallery-pic10-500x500.jpg]
[themes.muffingroup.com/be/steak2/wp-content/uploads/2019/10/steak2-gallery-pic14.jpg]
[themes.muffingroup.com/be/steak2/wp-content/uploads/2019/10/steak2-gallery-pic14-500x500.jpg]
[themes.muffingroup.com/be/steak2/wp-content/uploads/2019/10/steak2-gallery-pic13.jpg]
[themes.muffingroup.com/be/steak2/wp-content/uploads/2019/10/steak2-gallery-pic13-500x500.jpg]
[themes.muffingroup.com/be/steak2/wp-content/uploads/2019/10/steak2-gallery-pic12.jpg]
[themes.muffingroup.com/be/steak2/wp-content/uploads/2019/10/steak2-gallery-pic12-500x500.jpg]
[themes.muffingroup.com/be/steak2/wp-content/uploads/2019/10/steak2-gallery-pic11.jpg]
[themes.muffingroup.com/be/steak2/wp-content/uploads/2019/10/steak2-gallery-pic11-500x500.jpg]
[themes.muffingroup.com/be/steak2/gallery/index.html]
[themes.muffingroup.com/be/steak2/wp-content/uploads/2019/10/steak2-subheader4.jpg]
[themes.muffingroup.com/be/steak2/wp-json/wp/v2/pages/12.json]
[themes.muffingroup.com/be/steak2/wp-json/oembed/1.0/embedc3f5.json]
[themes.muffingroup.com/be/steak2/wp-json/oembed/1.0/embed6905]
[themes.muffingroup.com/be/steak2/wp-content/uploads/2019/10/steak2-contact-pic1.jpg]
[themes.muffingroup.com/be/steak2/contact/index.html]
[themes.muffingroup.com/be/steak2/wp-content/cache/minify/601a3.js]
[themes.muffingroup.com/be/steak2/wp-content/cache/minify/bfda3.js]
[themes.muffingroup.com/be/steak2/wp-content/cache/minify/4137d.js]
[themes.muffingroup.com/be/steak2/wp-content/plugins/revslider/public/assets/fonts/revicons/revicons90c6.svg]
[themes.muffingroup.com/be/steak2/wp-content/plugins/revslider/public/assets/css/openhand.html]
[themes.muffingroup.com/be/steak2/wp-content/plugins/revslider/public/assets/css/closedhand.html]
[themes.muffingroup.com/be/steak2/wp-content/themes/betheme/fonts/mfn/icons4cdc.svg]
[themes.muffingroup.com/cdn-cgi/scripts/5c5dd728/cloudflare-static/email-decode.min.js]
[themes.muffingroup.com/be/steak2/wp-content/themes/betheme/fonts/fontawesome/fa-brands-400.svg]
[themes.muffingroup.com/be/steak2/wp-content/themes/betheme/fonts/fontawesome/fa-regular-400.svg]
[themes.muffingroup.com/be/steak2/wp-content/themes/betheme/fonts/fontawesome/fa-solid-900.svg]
[themes.muffingroup.com/be/steak2/Version/index.html]
[themes.muffingroup.com/be/steak2/CustomEase.min.html]
[themes.muffingroup.com/be/TweenLite.min.html]
[themes.muffingroup.com/be/steak2/origin=https_/index.html]
[themes.muffingroup.com/be/steak2/index64b4.html]
[themes.muffingroup.com/be/steak2/index0e62.html]
[themes.muffingroup.com/be/steak2/index0b69.html]
[themes.muffingroup.com/be/steak2/index678b.html]
